Starting contract reminder process...
Time: 2026-01-18 10:52:23
Found 15 active contracts.
Process completed.
- Reminders sent: 0
- Contracts completed: 0
- Errors: 0
ΓÜá∩╕Å TEST MODE: No notifications were actually sent.
